[52][inject] DEBUG - Bound logger to an instance <Logger app (DEBUG)>
[52][inject] DEBUG - Bound event_dispatcher to an instance <lib.event.Dispatcher object at 0x7ff362f532b0>
[52][inject] DEBUG - Bound kernel to an instance <__main__.Application object at 0x7ff362f53198>
[52][app] DEBUG - config: src/watchdog/module.py
[54][inject] DEBUG - Bound watchdog to an instance <src.watchdog.service.Watchdog object at 0x7ff362f533c8>
[54][app] DEBUG - config: src/laptop/module.py
[55][inject] DEBUG - Bound laptop to an instance <src.laptop.service.Laptop object at 0x7ff362f53b00>
[55][app] DEBUG - config: src/usb/module.py
[261][inject] DEBUG - Bound usb to an instance <src.usb.service.USB object at 0x7ff362f62400>
[262][app] DEBUG - config: src/cpu/module.py
[263][inject] DEBUG - Bound cpu to an instance <src.cpu.service.CPU object at 0x7ff362f62b70>
[263][app] DEBUG - config: src/sata/module.py
[264][inject] DEBUG - Bound sata to an instance <src.sata.service.Sata object at 0x7ff3623d5630>
[264][app] DEBUG - config: src/hda/module.py
[265][inject] DEBUG - Bound hda to an instance <src.hda.service.HDA object at 0x7ff3623d5c88>
[265][app] DEBUG - config: src/i2c/module.py
[266][inject] DEBUG - Bound i2c to an instance <src.i2c.service.I2C object at 0x7ff362f76198>
[266][app] DEBUG - config: src/battery/module.py
[267][inject] DEBUG - Bound battery to an instance <src.battery.service.PowerDevice object at 0x7ff362b6d080>
[267][app] DEBUG - config: src/manager/module.py
[268][inject] DEBUG - Bound manager to a constructor <bound method Loader.__create_manager of <src.manager.module.Loader object at 0x7ff362f76908>>
[269][app] DEBUG - config: src/pci/module.py
[637][inject] DEBUG - Bound pci to an instance <src.pci.service.PCI object at 0x7ff362b6d860>
[637][inject] DEBUG - Created and configured an injector, config=<bound method Kernel.__init of <__main__.Application object at 0x7ff362f53198>>
[682][app] DEBUG - pool  - Watchdog: powersafe
[682][app] DEBUG - pool  - Laptop mode: powersafe
[683][app] DEBUG - pool  - USB - /sys/bus/usb/devices/1-2:1.0: powersafe
[683][app] DEBUG - pool  - USB - 2.0 root hub (Linux Foundation): powersafe
[683][app] DEBUG - pool  - USB - 0c45:670c: powersafe
[683][app] DEBUG - pool  - USB - Integrated Webcam: powersafe
[683][app] DEBUG - pool  - USB - /sys/bus/usb/devices/1-3:1.0: powersafe
[684][app] DEBUG - pool  - USB - 8087:0a2b: powersafe
[684][app] DEBUG - pool  - USB - /sys/bus/usb/devices/1-2:1.1: powersafe
[684][app] DEBUG - pool  - USB - /sys/bus/usb/devices/1-0:1.0: powersafe
[684][app] DEBUG - pool  - USB - /sys/bus/usb/devices/1-4:1.0: powersafe
[684][app] DEBUG - pool  - USB - 3.0 root hub (Linux Foundation): powersafe
[684][app] DEBUG - pool  - USB - /sys/bus/usb/devices/1-3:1.1: powersafe
[685][app] DEBUG - pool  - USB - 04f3:20d0: powersafe
[685][app] DEBUG - pool  - USB - Integrated Webcam: powersafe
[685][app] DEBUG - pool  - USB - /sys/bus/usb/devices/2-0:1.0: powersafe
[685][app] DEBUG - pool  - USB - Unifying Receiver (Logitech, Inc.): powersafe
[685][app] DEBUG - pool  - USB - /sys/bus/usb/devices/1-2:1.2: powersafe
[685][app] DEBUG - pool  - CPU - /sys/devices/system/cpu/cpu3: powersafe
[685][app] DEBUG - pool  - CPU - /sys/devices/system/cpu/cpu1: powersafe
[685][app] DEBUG - pool  - CPU - /sys/devices/system/cpu/cpu2: powersafe
[686][app] DEBUG - pool  - CPU - /sys/devices/system/cpu/cpu0: powersafe
[686][app] DEBUG - pool  - SATA - /sys/class/scsi_host/host0: powersafe
[686][app] DEBUG - pool  - SATA - /sys/class/scsi_host/host7: powersafe
[686][app] DEBUG - pool  - SATA - /sys/class/scsi_host/host5: powersafe
[686][app] DEBUG - pool  - SATA - /sys/class/scsi_host/host3: powersafe
[686][app] DEBUG - pool  - SATA - /sys/class/scsi_host/host1: powersafe
[686][app] DEBUG - pool  - SATA - /sys/class/scsi_host/host6: powersafe
[686][app] DEBUG - pool  - SATA - /sys/class/scsi_host/host4: powersafe
[686][app] DEBUG - pool  - SATA - /sys/class/scsi_host/host2: powersafe
[686][app] DEBUG - pool  - HDA - Intel HDA: powersafe
[686][app] DEBUG - pool  - I2C - DPDDC-A: powersafe
[686][app] DEBUG - pool  - I2C - i915 gmbus dpb: powersafe
[687][app] DEBUG - pool  - I2C - DLL0704:01: powersafe
[687][app] DEBUG - pool  - I2C - SMBus I801 adapter at f040: powersafe
[687][app] DEBUG - pool  - I2C - Synopsys DesignWare I2C adapter: powersafe
[687][app] DEBUG - pool  - I2C - DPDDC-B: powersafe
[687][app] DEBUG - pool  - I2C - i915 gmbus dpd: powersafe
[687][app] DEBUG - pool  - I2C - i915 gmbus dpc: powersafe
[687][app] DEBUG - pool  - I2C - Synopsys DesignWare I2C adapter: powersafe
[688][app] DEBUG - pool  - I2C - DPDDC-C: powersafe
[688][app] DEBUG - pool  - PCI - 1179:10f: powersafe
[688][app] DEBUG - pool  - PCI - 8086:9d7: powersafe
[688][app] DEBUG - pool  - PCI - Xeon E3-1200 v5/E3-1500 v5/6th Gen Core Processor Host Bridge/DRAM Registers (Intel Corporation): powersafe
[688][app] DEBUG - pool  - PCI - RTS525A PCI Express Card Reader (Realtek Semiconductor Co., Ltd.): powersafe
[688][app] DEBUG - pool  - PCI - 8086:9d6: powersafe
[688][app] DEBUG - pool  - PCI - Wireless 8260 (Intel Corporation): powersafe
[688][app] DEBUG - pool  - PCI - Sunrise Point-LP PCI Express Root Port #9 (Intel Corporation): powersafe
[688][app] DEBUG - pool  - PCI - Sunrise Point-LP Thermal subsystem (Intel Corporation): powersafe
[688][app] DEBUG - pool  - PCI - Sunrise Point-LP PCI Express Root Port #5 (Intel Corporation): powersafe
[688][app] DEBUG - pool  - PCI - Iris Graphics 540 (Intel Corporation): powersafe
[688][app] DEBUG - pool  - PCI - Sunrise Point-LP USB 3.0 xHCI Controller (Intel Corporation): powersafe
[688][app] DEBUG - pool  - PCI - Sunrise Point-LP SMBus (Intel Corporation): powersafe
[688][app] DEBUG - pool  - PCI - Sunrise Point-LP SATA Controller [AHCI mode] (Intel Corporation): powersafe
[689][app] DEBUG - pool  - PCI - Sunrise Point-LP PMC (Intel Corporation): powersafe
[689][app] DEBUG - pool  - PCI - 8086:9d1: powersafe
[689][app] DEBUG - pool  - PCI - Sunrise Point-LP Serial IO I2C Controller #1 (Intel Corporation): powersafe
[689][app] DEBUG - pool  - PCI - Sunrise Point-LP LPC Controller (Intel Corporation): powersafe
[689][app] DEBUG - pool  - PCI - Xeon E3-1200 v5/E3-1500 v5/6th Gen Core Processor Thermal Subsystem (Intel Corporation): powersafe
[689][app] DEBUG - pool  - PCI - Sunrise Point-LP PCI Express Root Port #6 (Intel Corporation): powersafe
[689][app] DEBUG - pool  - PCI - Sunrise Point-LP CSME HECI #1 (Intel Corporation): powersafe
[691][app] ERROR - [Errno 13] Permission denied: '/proc/sys/kernel/nmi_watchdog'
[691][app] ERROR - [Errno 13] Permission denied: '/proc/sys/vm/laptop_mode'
[691][app] ERROR - [Errno 13] Permission denied: '/sys/bus/usb/devices/1-5/power/autosuspend'
[692][app] ERROR - [Errno 13] Permission denied: '/sys/bus/usb/devices/usb1/power/autosuspend'
[692][app] ERROR - [Errno 13] Permission denied: '/sys/bus/usb/devices/usb2/power/autosuspend'
[692][app] ERROR - [Errno 13] Permission denied: '/sys/bus/usb/devices/1-3/power/autosuspend'
[692][app] ERROR - [Errno 13] Permission denied: '/sys/bus/usb/devices/1-4/power/autosuspend'
[692][app] ERROR - [Errno 13] Permission denied: '/sys/bus/usb/devices/1-2/power/autosuspend'
[692][app] ERROR - [Errno 13] Permission denied: '/sys/devices/system/cpu/cpu2/cpufreq/scaling_governor'
[692][app] ERROR - [Errno 13] Permission denied: '/sys/devices/system/cpu/cpu0/cpufreq/scaling_governor'
[692][app] ERROR - [Errno 13] Permission denied: '/sys/devices/system/cpu/cpu3/cpufreq/scaling_governor'
[693][app] ERROR - [Errno 13] Permission denied: '/sys/class/scsi_host/host0/link_power_management_policy'
[693][app] ERROR - [Errno 13] Permission denied: '/sys/devices/system/cpu/cpu1/cpufreq/scaling_governor'
[693][app] ERROR - [Errno 13] Permission denied: '/sys/class/scsi_host/host5/link_power_management_policy'
[693][app] ERROR - [Errno 13] Permission denied: '/sys/class/scsi_host/host7/link_power_management_policy'
[693][app] ERROR - [Errno 13] Permission denied: '/sys/class/scsi_host/host3/link_power_management_policy'
[693][app] ERROR - [Errno 13] Permission denied: '/sys/class/scsi_host/host4/link_power_management_policy'
[693][app] ERROR - [Errno 13] Permission denied: '/sys/class/scsi_host/host1/link_power_management_policy'
[693][app] ERROR - [Errno 13] Permission denied: '/sys/class/scsi_host/host2/link_power_management_policy'
[693][app] ERROR - [Errno 13] Permission denied: '/sys/class/scsi_host/host6/link_power_management_policy'
[693][app] ERROR - [Errno 13] Permission denied: '/sys/module/snd_hda_intel/parameters/power_save'
[693][app] ERROR - [Errno 13] Permission denied: '/sys/bus/i2c/devices/i2c-DLL0704:01/power/control'
[694][app] ERROR - [Errno 13] Permission denied: '/sys/bus/i2c/devices/i2c-8/firmware_node/power/control'
[694][app] ERROR - [Errno 13] Permission denied: '/sys/bus/pci/devices/0000:3b:00.0/power/control'
[694][app] ERROR - [Errno 13] Permission denied: '/sys/bus/pci/devices/0000:00:15.0/power/control'
[694][app] ERROR - [Errno 13] Permission denied: '/sys/bus/i2c/devices/i2c-6/firmware_node/power/control'
[694][app] ERROR - [Errno 13] Permission denied: '/sys/bus/pci/devices/0000:3a:00.0/power/control'
[694][app] ERROR - [Errno 13] Permission denied: '/sys/bus/pci/devices/0000:00:1d.0/power/control'
[694][app] ERROR - [Errno 13] Permission denied: '/sys/bus/i2c/devices/i2c-7/i2c-DLL0704:01/power/control'
[694][app] ERROR - [Errno 13] Permission denied: '/sys/bus/pci/devices/0000:00:14.2/power/control'
[694][app] ERROR - [Errno 13] Permission denied: '/sys/bus/pci/devices/0000:00:1c.4/power/control'
[694][app] ERROR - [Errno 13] Permission denied: '/sys/bus/pci/devices/0000:00:1f.4/power/control'
[694][app] ERROR - [Errno 13] Permission denied: '/sys/bus/pci/devices/0000:00:17.0/power/control'
[694][app] ERROR - [Errno 13] Permission denied: '/sys/bus/pci/devices/0000:00:02.0/power/control'
[694][app] ERROR - [Errno 13] Permission denied: '/sys/bus/pci/devices/0000:3c:00.0/power/control'
[694][app] ERROR - [Errno 13] Permission denied: '/sys/bus/pci/devices/0000:00:15.1/power/control'
[694][app] ERROR - [Errno 13] Permission denied: '/sys/bus/pci/devices/0000:00:14.0/power/control'
[694][app] ERROR - [Errno 13] Permission denied: '/sys/bus/pci/devices/0000:00:1f.2/power/control'
[695][app] ERROR - [Errno 13] Permission denied: '/sys/bus/pci/devices/0000:00:1c.0/power/control'
[695][app] ERROR - [Errno 13] Permission denied: '/sys/bus/pci/devices/0000:00:1f.0/power/control'
[695][app] ERROR - [Errno 13] Permission denied: '/sys/bus/pci/devices/0000:00:1f.3/power/control'
[695][app] ERROR - [Errno 13] Permission denied: '/sys/bus/pci/devices/0000:00:04.0/power/control'
[695][app] ERROR - [Errno 13] Permission denied: '/sys/bus/pci/devices/0000:00:16.0/power/control'
[695][app] ERROR - [Errno 13] Permission denied: '/sys/bus/pci/devices/0000:00:00.0/power/control'
[695][app] ERROR - [Errno 13] Permission denied: '/sys/bus/pci/devices/0000:00:1c.5/power/control'
